PLINK v1.90b6.21 64-bit (19 Oct 2020)
Options in effect:
  --bfile HTS_iSelect_HD_data
  --missing
  --out ../SNPmiss/HTS_iSelect_HD_SNPmiss

Hostname: cn-1045
Working directory: /faststorage/project/populationgenomics/students/amlg/project/data/splitbychip
Start time: Wed May 14 12:15:18 2025

Random number seed: 1747217718
1547882 MB RAM detected; reserving 773941 MB for main workspace.
1376653 variants loaded from .bim file.
587 people (287 males, 300 females) loaded from .fam.
Using 1 thread (no multithreaded calculations invoked).
Before main variant filters, 587 founders and 0 nonfounders present.
Calculating allele frequencies... done.
Warning: 35339 het. haploid genotypes present (see
../SNPmiss/HTS_iSelect_HD_SNPmiss.hh ); many commands treat these as missing.
Warning: Nonmissing nonmale Y chromosome genotype(s) present; many commands
treat these as missing.
Total genotyping rate is 0.427297.
--missing: Sample missing data report written to
../SNPmiss/HTS_iSelect_HD_SNPmiss.imiss, and variant-based missing data report
written to ../SNPmiss/HTS_iSelect_HD_SNPmiss.lmiss.

End time: Wed May 14 12:15:34 2025
