PLINK v1.90b6.21 64-bit (19 Oct 2020)
Options in effect:
  --bfile Illumina_GSAs_data
  --missing
  --out ../SNPmiss/Illumina_GSAs_SNPmiss

Hostname: cn-1045
Working directory: /faststorage/project/populationgenomics/students/amlg/project/data/splitbychip
Start time: Wed May 14 12:18:24 2025

Random number seed: 1747217904
1547882 MB RAM detected; reserving 773941 MB for main workspace.
1376653 variants loaded from .bim file.
248 people (116 males, 132 females) loaded from .fam.
Using 1 thread (no multithreaded calculations invoked).
Before main variant filters, 248 founders and 0 nonfounders present.
Calculating allele frequencies... done.
Warning: 3592 het. haploid genotypes present (see
../SNPmiss/Illumina_GSAs_SNPmiss.hh ); many commands treat these as missing.
Warning: Nonmissing nonmale Y chromosome genotype(s) present; many commands
treat these as missing.
Total genotyping rate is 0.372204.
--missing: Sample missing data report written to
../SNPmiss/Illumina_GSAs_SNPmiss.imiss, and variant-based missing data report
written to ../SNPmiss/Illumina_GSAs_SNPmiss.lmiss.

End time: Wed May 14 12:18:30 2025
