PLINK v1.90b6.21 64-bit (19 Oct 2020)
Options in effect:
  --bfile OmniExpress_data
  --missing
  --out ../SNPmiss/OmniExpress_SNPmiss

Hostname: cn-1045
Working directory: /faststorage/project/populationgenomics/students/amlg/project/data/splitbychip
Start time: Wed May 14 12:18:50 2025

Random number seed: 1747217930
1547882 MB RAM detected; reserving 773941 MB for main workspace.
1376653 variants loaded from .bim file.
291 people (105 males, 121 females, 65 ambiguous) loaded from .fam.
Ambiguous sex IDs written to ../SNPmiss/OmniExpress_SNPmiss.nosex .
Using 1 thread (no multithreaded calculations invoked).
Before main variant filters, 291 founders and 0 nonfounders present.
Calculating allele frequencies... done.
Warning: 6366 het. haploid genotypes present (see
../SNPmiss/OmniExpress_SNPmiss.hh ); many commands treat these as missing.
Warning: Nonmissing nonmale Y chromosome genotype(s) present; many commands
treat these as missing.
Total genotyping rate is 0.497533.
--missing: Sample missing data report written to
../SNPmiss/OmniExpress_SNPmiss.imiss, and variant-based missing data report
written to ../SNPmiss/OmniExpress_SNPmiss.lmiss.

End time: Wed May 14 12:19:02 2025
