PLINK v1.90b6.21 64-bit (19 Oct 2020)
Options in effect:
  --bfile unknown_chip_data
  --missing
  --out ../SNPmiss/unknown_chip_SNPmiss

Hostname: cn-1045
Working directory: /faststorage/project/populationgenomics/students/amlg/project/data/splitbychip
Start time: Wed May 14 12:12:04 2025

Random number seed: 1747217524
1547882 MB RAM detected; reserving 773941 MB for main workspace.
1376653 variants loaded from .bim file.
399 people (180 males, 183 females, 36 ambiguous) loaded from .fam.
Ambiguous sex IDs written to ../SNPmiss/unknown_chip_SNPmiss.nosex .
Using 1 thread (no multithreaded calculations invoked).
Before main variant filters, 399 founders and 0 nonfounders present.
Calculating allele frequencies... done.
Warning: 8881 het. haploid genotypes present (see
../SNPmiss/unknown_chip_SNPmiss.hh ); many commands treat these as missing.
Warning: Nonmissing nonmale Y chromosome genotype(s) present; many commands
treat these as missing.
Total genotyping rate is 0.363947.
--missing: Sample missing data report written to
../SNPmiss/unknown_chip_SNPmiss.imiss, and variant-based missing data report
written to ../SNPmiss/unknown_chip_SNPmiss.lmiss.

End time: Wed May 14 12:12:16 2025
